Archive member included because of file (symbol)

c:/infineon/tools/dave ide/4.5.0.202105191637/eclipse/arm-gcc-49/bin/../lib/gcc/arm-none-eabi/4.9.3/armv6-m\libgcc.a(_fixunssfsi.o)
                              ./Libraries/XMCLib/src/xmc_usic.o (__aeabi_f2uiz)
c:/infineon/tools/dave ide/4.5.0.202105191637/eclipse/arm-gcc-49/bin/../lib/gcc/arm-none-eabi/4.9.3/armv6-m\libgcc.a(divsf3.o)
                              ./Libraries/XMCLib/src/xmc_usic.o (__aeabi_fdiv)
c:/infineon/tools/dave ide/4.5.0.202105191637/eclipse/arm-gcc-49/bin/../lib/gcc/arm-none-eabi/4.9.3/armv6-m\libgcc.a(mulsf3.o)
                              ./Libraries/XMCLib/src/xmc_usic.o (__aeabi_fmul)
c:/infineon/tools/dave ide/4.5.0.202105191637/eclipse/arm-gcc-49/bin/../lib/gcc/arm-none-eabi/4.9.3/armv6-m\libgcc.a(subsf3.o)
                              c:/infineon/tools/dave ide/4.5.0.202105191637/eclipse/arm-gcc-49/bin/../lib/gcc/arm-none-eabi/4.9.3/armv6-m\libgcc.a(_fixunssfsi.o) (__aeabi_fsub)
c:/infineon/tools/dave ide/4.5.0.202105191637/eclipse/arm-gcc-49/bin/../lib/gcc/arm-none-eabi/4.9.3/armv6-m\libgcc.a(fixsfsi.o)
                              c:/infineon/tools/dave ide/4.5.0.202105191637/eclipse/arm-gcc-49/bin/../lib/gcc/arm-none-eabi/4.9.3/armv6-m\libgcc.a(_fixunssfsi.o) (__aeabi_f2iz)
c:/infineon/tools/dave ide/4.5.0.202105191637/eclipse/arm-gcc-49/bin/../lib/gcc/arm-none-eabi/4.9.3/armv6-m\libgcc.a(floatunsisf.o)
                              ./Libraries/XMCLib/src/xmc_usic.o (__aeabi_ui2f)
c:/infineon/tools/dave ide/4.5.0.202105191637/eclipse/arm-gcc-49/bin/../lib/gcc/arm-none-eabi/4.9.3/armv6-m\libgcc.a(_arm_cmpsf2.o)
                              c:/infineon/tools/dave ide/4.5.0.202105191637/eclipse/arm-gcc-49/bin/../lib/gcc/arm-none-eabi/4.9.3/armv6-m\libgcc.a(_fixunssfsi.o) (__aeabi_fcmpge)
c:/infineon/tools/dave ide/4.5.0.202105191637/eclipse/arm-gcc-49/bin/../lib/gcc/arm-none-eabi/4.9.3/armv6-m\libgcc.a(_clzsi2.o)
                              c:/infineon/tools/dave ide/4.5.0.202105191637/eclipse/arm-gcc-49/bin/../lib/gcc/arm-none-eabi/4.9.3/armv6-m\libgcc.a(divsf3.o) (__clzsi2)
c:/infineon/tools/dave ide/4.5.0.202105191637/eclipse/arm-gcc-49/bin/../lib/gcc/arm-none-eabi/4.9.3/armv6-m\libgcc.a(eqsf2.o)
                              c:/infineon/tools/dave ide/4.5.0.202105191637/eclipse/arm-gcc-49/bin/../lib/gcc/arm-none-eabi/4.9.3/armv6-m\libgcc.a(_arm_cmpsf2.o) (__eqsf2)
c:/infineon/tools/dave ide/4.5.0.202105191637/eclipse/arm-gcc-49/bin/../lib/gcc/arm-none-eabi/4.9.3/armv6-m\libgcc.a(gesf2.o)
                              c:/infineon/tools/dave ide/4.5.0.202105191637/eclipse/arm-gcc-49/bin/../lib/gcc/arm-none-eabi/4.9.3/armv6-m\libgcc.a(_arm_cmpsf2.o) (__gesf2)
c:/infineon/tools/dave ide/4.5.0.202105191637/eclipse/arm-gcc-49/bin/../lib/gcc/arm-none-eabi/4.9.3/armv6-m\libgcc.a(lesf2.o)
                              c:/infineon/tools/dave ide/4.5.0.202105191637/eclipse/arm-gcc-49/bin/../lib/gcc/arm-none-eabi/4.9.3/armv6-m\libgcc.a(_arm_cmpsf2.o) (__lesf2)
c:/infineon/tools/dave ide/4.5.0.202105191637/eclipse/arm-gcc-49/bin/../lib/gcc/arm-none-eabi/4.9.3/../../../../arm-none-eabi/lib/armv6-m\libg_nano.a(lib_a-errno.o)
                              ./Libraries/Newlib/syscalls.o (__errno)
c:/infineon/tools/dave ide/4.5.0.202105191637/eclipse/arm-gcc-49/bin/../lib/gcc/arm-none-eabi/4.9.3/../../../../arm-none-eabi/lib/armv6-m\libg_nano.a(lib_a-impure.o)
                              c:/infineon/tools/dave ide/4.5.0.202105191637/eclipse/arm-gcc-49/bin/../lib/gcc/arm-none-eabi/4.9.3/../../../../arm-none-eabi/lib/armv6-m\libg_nano.a(lib_a-errno.o) (_impure_ptr)
c:/infineon/tools/dave ide/4.5.0.202105191637/eclipse/arm-gcc-49/bin/../lib/gcc/arm-none-eabi/4.9.3/../../../../arm-none-eabi/lib/armv6-m\libg_nano.a(lib_a-init.o)
                              ./Startup/startup_XMC1300.o (__libc_init_array)

Discarded input sections

 .text          0x00000000        0x0 ./Startup/startup_XMC1300.o
 .data          0x00000000        0x0 ./Startup/startup_XMC1300.o
 .bss           0x00000000        0x0 ./Startup/startup_XMC1300.o
 .text          0x00000000        0x0 ./Startup/system_XMC1300.o
 .data          0x00000000        0x0 ./Startup/system_XMC1300.o
 .bss           0x00000000        0x0 ./Startup/system_XMC1300.o
 .text.SystemCoreClockSetup
                0x00000000       0x38 ./Startup/system_XMC1300.o
 .comment       0x00000000       0x71 ./Startup/system_XMC1300.o
 .text          0x00000000        0x0 ./Libraries/XMCLib/src/xmc1_eru.o
 .data          0x00000000        0x0 ./Libraries/XMCLib/src/xmc1_eru.o
 .bss           0x00000000        0x0 ./Libraries/XMCLib/src/xmc1_eru.o
 .text.XMC_ERU_Enable
                0x00000000       0x10 ./Libraries/XMCLib/src/xmc1_eru.o
 .text.XMC_ERU_Disable
                0x00000000       0x10 ./Libraries/XMCLib/src/xmc1_eru.o
 .debug_info    0x00000000      0x441 ./Libraries/XMCLib/src/xmc1_eru.o
 .debug_abbrev  0x00000000      0x157 ./Libraries/XMCLib/src/xmc1_eru.o
[...]
Memory Configuration

Name             Origin             Length             Attributes
FLASH            0x10001000         0x00032000         xr
SRAM             0x20000000         0x00004000         !xr
*default*        0x00000000         0xffffffff

Linker script and memory map

LOAD ./Startup/startup_XMC1300.o
LOAD ./Startup/system_XMC1300.o
LOAD ./Libraries/XMCLib/src/xmc1_eru.o
LOAD ./Libraries/XMCLib/src/xmc1_flash.o
LOAD ./Libraries/XMCLib/src/xmc1_gpio.o
LOAD ./Libraries/XMCLib/src/xmc1_rtc.o
LOAD ./Libraries/XMCLib/src/xmc1_scu.o
LOAD ./Libraries/XMCLib/src/xmc_acmp.o
LOAD ./Libraries/XMCLib/src/xmc_bccu.o
LOAD ./Libraries/XMCLib/src/xmc_can.o
LOAD ./Libraries/XMCLib/src/xmc_ccu4.o
LOAD ./Libraries/XMCLib/src/xmc_ccu8.o
LOAD ./Libraries/XMCLib/src/xmc_common.o
LOAD ./Libraries/XMCLib/src/xmc_eru.o
LOAD ./Libraries/XMCLib/src/xmc_gpio.o
LOAD ./Libraries/XMCLib/src/xmc_i2c.o
LOAD ./Libraries/XMCLib/src/xmc_i2s.o
LOAD ./Libraries/XMCLib/src/xmc_ledts.o
LOAD ./Libraries/XMCLib/src/xmc_math.o
LOAD ./Libraries/XMCLib/src/xmc_pau.o
LOAD ./Libraries/XMCLib/src/xmc_posif.o
LOAD ./Libraries/XMCLib/src/xmc_prng.o
LOAD ./Libraries/XMCLib/src/xmc_rtc.o
LOAD ./Libraries/XMCLib/src/xmc_spi.o
LOAD ./Libraries/XMCLib/src/xmc_uart.o
LOAD ./Libraries/XMCLib/src/xmc_usic.o
LOAD ./Libraries/XMCLib/src/xmc_vadc.o
LOAD ./Libraries/XMCLib/src/xmc_wdt.o
LOAD ./Libraries/Newlib/syscalls.o
LOAD ./Dave/Generated/PWM_CCU8/pwm_ccu8.o
LOAD ./Dave/Generated/PWM_CCU8/pwm_ccu8_conf.o
LOAD ./Dave/Generated/GLOBAL_CCU8/global_ccu8.o
LOAD ./Dave/Generated/GLOBAL_CCU8/global_ccu8_conf.o
LOAD ./Dave/Generated/CLOCK_XMC1/clock_xmc1.o
LOAD ./Dave/Generated/CLOCK_XMC1/clock_xmc1_conf.o
LOAD ./Dave/Generated/DAVE.o
LOAD ./main.o
LOAD c:/infineon/tools/dave ide/4.5.0.202105191637/eclipse/arm-gcc-49/bin/../lib/gcc/arm-none-eabi/4.9.3/../../../../arm-none-eabi/lib/armv6-m\libm.a
START GROUP
LOAD c:/infineon/tools/dave ide/4.5.0.202105191637/eclipse/arm-gcc-49/bin/../lib/gcc/arm-none-eabi/4.9.3/armv6-m\libgcc.a
LOAD c:/infineon/tools/dave ide/4.5.0.202105191637/eclipse/arm-gcc-49/bin/../lib/gcc/arm-none-eabi/4.9.3/../../../../arm-none-eabi/lib/armv6-m\libg_nano.a
LOAD c:/infineon/tools/dave ide/4.5.0.202105191637/eclipse/arm-gcc-49/bin/../lib/gcc/arm-none-eabi/4.9.3/../../../../arm-none-eabi/lib/armv6-m\libc_nano.a
END GROUP
START GROUP
LOAD c:/infineon/tools/dave ide/4.5.0.202105191637/eclipse/arm-gcc-49/bin/../lib/gcc/arm-none-eabi/4.9.3/armv6-m\libgcc.a
LOAD c:/infineon/tools/dave ide/4.5.0.202105191637/eclipse/arm-gcc-49/bin/../lib/gcc/arm-none-eabi/4.9.3/../../../../arm-none-eabi/lib/armv6-m\libc_nano.a
LOAD c:/infineon/tools/dave ide/4.5.0.202105191637/eclipse/arm-gcc-49/bin/../lib/gcc/arm-none-eabi/4.9.3/../../../../arm-none-eabi/lib/armv6-m\libnosys.a
END GROUP
START GROUP
LOAD c:/infineon/tools/dave ide/4.5.0.202105191637/eclipse/arm-gcc-49/bin/../lib/gcc/arm-none-eabi/4.9.3/armv6-m\libgcc.a
LOAD c:/infineon/tools/dave ide/4.5.0.202105191637/eclipse/arm-gcc-49/bin/../lib/gcc/arm-none-eabi/4.9.3/../../../../arm-none-eabi/lib/armv6-m\libc_nano.a
LOAD c:/infineon/tools/dave ide/4.5.0.202105191637/eclipse/arm-gcc-49/bin/../lib/gcc/arm-none-eabi/4.9.3/../../../../arm-none-eabi/lib/armv6-m\libnosys.a
END GROUP
                0x00000400                stack_size = DEFINED (stack_size)?stack_size:0x400
                0x00000004                no_init_size = 0x4

.text           0x10001000     0x1864
                0x10001000                sText = .
 *(.reset)
 .reset         0x10001000       0x9c ./Startup/startup_XMC1300.o
                0x10001000                __Vectors
                0x10001018                Reset_Handler
                0x10001098                USIC0_5_IRQHandler
                0x10001098                POSIF0_0_IRQHandler
                0x10001098                HardFault_Handler
                0x10001098                VADC0_G1_1_IRQHandler
                0x10001098                SysTick_Handler
                0x10001098                PendSV_Handler
                0x10001098                VADC0_C0_0_IRQHandler
                0x10001098                SCU_0_IRQHandler
                0x10001098                ERU0_0_IRQHandler
                0x10001098                CCU80_1_IRQHandler
                0x10001098                USIC0_0_IRQHandler
                0x10001098                ERU0_2_IRQHandler
                0x10001098                BCCU0_0_IRQHandler
                0x10001098                ERU0_3_IRQHandler
                0x10001098                CCU40_2_IRQHandler
                0x10001098                VADC0_G0_1_IRQHandler
                0x10001098                CCU40_0_IRQHandler
                0x10001098                POSIF0_1_IRQHandler
                0x10001098                VADC0_G0_0_IRQHandler
                0x10001098                MATH0_0_IRQHandler
                0x10001098                VADC0_C0_1_IRQHandler
                0x10001098                SVC_Handler
                0x10001098                USIC0_3_IRQHandler
                0x10001098                VADC0_G1_0_IRQHandler
                0x10001098                CCU80_0_IRQHandler
                0x10001098                CCU40_1_IRQHandler
                0x10001098                SCU_2_IRQHandler
                0x10001098                USIC0_1_IRQHandler
                0x10001098                CCU40_3_IRQHandler
                0x10001098                USIC0_4_IRQHandler
                0x10001098                SCU_1_IRQHandler
                0x10001098                ERU0_1_IRQHandler
                0x10001098                USIC0_2_IRQHandler
                0x10001098                Default_handler
 *(.text .text.* .gnu.linkonce.t.*)
 .text.SystemInit
                0x1000109c       0x10 ./Startup/system_XMC1300.o
                0x1000109c                SystemInit
 .text.SystemCoreSetup
                0x100010ac       0x34 ./Startup/system_XMC1300.o
                0x100010ac                SystemCoreSetup
 .text.SystemCoreClockUpdate
                0x100010e0       0x68 ./Startup/system_XMC1300.o
                0x100010e0                SystemCoreClockUpdate
 .text.XMC_GPIO_Init
                0x10001148      0x17c ./Libraries/XMCLib/src/xmc1_gpio.o
                0x10001148                XMC_GPIO_Init
 .text.XMC_SCU_LockProtectedBits
                0x100012c4       0x14 ./Libraries/XMCLib/src/xmc1_scu.o
                0x100012c4                XMC_SCU_LockProtectedBits
 .text.XMC_SCU_UnlockProtectedBits
                0x100012d8       0x20 ./Libraries/XMCLib/src/xmc1_scu.o
                0x100012d8                XMC_SCU_UnlockProtectedBits
 .text.XMC_SCU_CLOCK_Init
                0x100012f8       0x48 ./Libraries/XMCLib/src/xmc1_scu.o
                0x100012f8                XMC_SCU_CLOCK_Init
 .text.XMC_SCU_CLOCK_UngatePeripheralClock
                0x10001340       0x3c ./Libraries/XMCLib/src/xmc1_scu.o
                0x10001340                XMC_SCU_CLOCK_UngatePeripheralClock
 .text.XMC_SCU_CLOCK_ScaleMCLKFrequency
                0x1000137c       0xa4 ./Libraries/XMCLib/src/xmc1_scu.o
                0x1000137c                XMC_SCU_CLOCK_ScaleMCLKFrequency
 .text.XMC_SCU_CLOCK_lFrequencyUpScaling
                0x10001420       0x54 ./Libraries/XMCLib/src/xmc1_scu.o
 .text.XMC_SCU_CLOCK_lFrequencyDownScaling
                0x10001474       0x5c ./Libraries/XMCLib/src/xmc1_scu.o
 .text.XMC_CCU8_StartPrescaler
                0x100014d0       0x18 ./Libraries/XMCLib/src/xmc_ccu8.o
 .text.XMC_CCU8_SLICE_StopTimer
                0x100014e8       0x14 ./Libraries/XMCLib/src/xmc_ccu8.o
 .text.XMC_CCU8_lUngateClock
                0x100014fc       0x20 ./Libraries/XMCLib/src/xmc_ccu8.o
 .text.XMC_CCU8_EnableModule
                0x1000151c       0x18 ./Libraries/XMCLib/src/xmc_ccu8.o
                0x1000151c                XMC_CCU8_EnableModule
 .text.XMC_CCU8_Init
                0x10001534       0x48 ./Libraries/XMCLib/src/xmc_ccu8.o
                0x10001534                XMC_CCU8_Init
 .text.XMC_CCU8_SLICE_CompareInit
                0x1000157c       0x74 ./Libraries/XMCLib/src/xmc_ccu8.o
                0x1000157c                XMC_CCU8_SLICE_CompareInit
 .text.XMC_CCU8_SetMultiChannelShadowTransferMode
                0x100015f0       0x34 ./Libraries/XMCLib/src/xmc_ccu8.o
                0x100015f0                XMC_CCU8_SetMultiChannelShadowTransferMode
 .text.XMC_CCU8_SLICE_StartConfig
                0x10001624       0x68 ./Libraries/XMCLib/src/xmc_ccu8.o
                0x10001624                XMC_CCU8_SLICE_StartConfig
 .text.XMC_CCU8_SLICE_StopConfig
                0x1000168c       0x64 ./Libraries/XMCLib/src/xmc_ccu8.o
                0x1000168c                XMC_CCU8_SLICE_StopConfig
 .text.XMC_CCU8_SLICE_LoadConfig
                0x100016f0       0x38 ./Libraries/XMCLib/src/xmc_ccu8.o
                0x100016f0                XMC_CCU8_SLICE_LoadConfig
 .text.XMC_CCU8_SLICE_LoadSelector
                0x10001728       0x34 ./Libraries/XMCLib/src/xmc_ccu8.o
                0x10001728                XMC_CCU8_SLICE_LoadSelector
 .text.XMC_CCU8_SLICE_ModulationConfig
                0x1000175c       0xb0 ./Libraries/XMCLib/src/xmc_ccu8.o
                0x1000175c                XMC_CCU8_SLICE_ModulationConfig
 .text.XMC_CCU8_SLICE_CountConfig
                0x1000180c       0x38 ./Libraries/XMCLib/src/xmc_ccu8.o
                0x1000180c                XMC_CCU8_SLICE_CountConfig
 .text.XMC_CCU8_SLICE_GateConfig
                0x10001844       0x38 ./Libraries/XMCLib/src/xmc_ccu8.o
                0x10001844                XMC_CCU8_SLICE_GateConfig
 .text.XMC_CCU8_SLICE_DirectionConfig
                0x1000187c       0x38 ./Libraries/XMCLib/src/xmc_ccu8.o
                0x1000187c                XMC_CCU8_SLICE_DirectionConfig
 .text.XMC_CCU8_SLICE_StatusBitOverrideConfig
                0x100018b4       0x30 ./Libraries/XMCLib/src/xmc_ccu8.o
                0x100018b4                XMC_CCU8_SLICE_StatusBitOverrideConfig
 .text.XMC_CCU8_SLICE_TrapConfig
                0x100018e4       0x8c ./Libraries/XMCLib/src/xmc_ccu8.o
                0x100018e4                XMC_CCU8_SLICE_TrapConfig
 .text.XMC_CCU8_SLICE_ConfigureStatusBitOverrideEvent
                0x10001970       0xdc ./Libraries/XMCLib/src/xmc_ccu8.o
                0x10001970                XMC_CCU8_SLICE_ConfigureStatusBitOverrideEvent
 .text.XMC_CCU8_SLICE_ConfigureEvent
                0x10001a4c      0x11c ./Libraries/XMCLib/src/xmc_ccu8.o
                0x10001a4c                XMC_CCU8_SLICE_ConfigureEvent
 .text.XMC_CCU8_SLICE_SetTimerPeriodMatch
                0x10001b68       0x1c ./Libraries/XMCLib/src/xmc_ccu8.o
                0x10001b68                XMC_CCU8_SLICE_SetTimerPeriodMatch
 .text.XMC_CCU8_SLICE_SetTimerCompareMatch
                0x10001b84       0x38 ./Libraries/XMCLib/src/xmc_ccu8.o
                0x10001b84                XMC_CCU8_SLICE_SetTimerCompareMatch
 .text.XMC_CCU8_SLICE_SetInterruptNode
                0x10001bbc       0xb0 ./Libraries/XMCLib/src/xmc_ccu8.o
                0x10001bbc                XMC_CCU8_SLICE_SetInterruptNode
 .text.XMC_CCU8_SLICE_DeadTimeInit
                0x10001c6c       0x28 ./Libraries/XMCLib/src/xmc_ccu8.o
                0x10001c6c                XMC_CCU8_SLICE_DeadTimeInit
 .text.__aeabi_uidiv
                0x10001c94       0x50 ./Libraries/XMCLib/src/xmc_math.o
                0x10001c94                __aeabi_uidiv
 .text._init    0x10001ce4        0x8 ./Libraries/Newlib/syscalls.o
                0x10001ce4                _init
 .text.XMC_CCU8_EnableClock
                0x10001cec       0x20 ./Dave/Generated/PWM_CCU8/pwm_ccu8.o
 .text.XMC_CCU8_SLICE_EnableTrap
                0x10001d0c       0x20 ./Dave/Generated/PWM_CCU8/pwm_ccu8.o
 .text.XMC_CCU8_SLICE_StartTimer
                0x10001d2c       0x14 ./Dave/Generated/PWM_CCU8/pwm_ccu8.o
 .text.XMC_CCU8_SLICE_GetTimerPeriodMatch
                0x10001d40       0x18 ./Dave/Generated/PWM_CCU8/pwm_ccu8.o
 .text.XMC_CCU8_EnableShadowTransfer
                0x10001d58       0x18 ./Dave/Generated/PWM_CCU8/pwm_ccu8.o
 .text.XMC_CCU8_SLICE_EnableEvent
                0x10001d70       0x2c ./Dave/Generated/PWM_CCU8/pwm_ccu8.o
 .text.XMC_CCU8_SLICE_SetShadowTransferMode
                0x10001d9c       0x34 ./Dave/Generated/PWM_CCU8/pwm_ccu8.o
 .text.PWM_CCU8_Init
                0x10001dd0      0x198 ./Dave/Generated/PWM_CCU8/pwm_ccu8.o
                0x10001dd0                PWM_CCU8_Init
 .text.PWM_CCU8_lInit_Interrupt
                0x10001f68      0x188 ./Dave/Generated/PWM_CCU8/pwm_ccu8.o
 .text.PWM_CCU8_lInit_GPIO
                0x100020f0       0xb8 ./Dave/Generated/PWM_CCU8/pwm_ccu8.o
 .text.PWM_CCU8_lConfigure_Events
                0x100021a8      0x1d8 ./Dave/Generated/PWM_CCU8/pwm_ccu8.o
 .text.PWM_CCU8_Start
                0x10002380       0x64 ./Dave/Generated/PWM_CCU8/pwm_ccu8.o
                0x10002380                PWM_CCU8_Start
 .text.PWM_CCU8_SetDutyCycleAsymmetric
                0x100023e4      0x180 ./Dave/Generated/PWM_CCU8/pwm_ccu8.o
                0x100023e4                PWM_CCU8_SetDutyCycleAsymmetric
 .text.XMC_CCU8_StartPrescaler
                0x10002564       0x18 ./Dave/Generated/GLOBAL_CCU8/global_ccu8.o
 .text.GLOBAL_CCU8_Init
                0x1000257c       0x40 ./Dave/Generated/GLOBAL_CCU8/global_ccu8.o
                0x1000257c                GLOBAL_CCU8_Init
 .text.CLOCK_XMC1_Init
                0x100025bc       0x84 ./Dave/Generated/CLOCK_XMC1/clock_xmc1.o
                0x100025bc                CLOCK_XMC1_Init
 .text.SystemCoreClockSetup
                0x10002640       0x20 ./Dave/Generated/CLOCK_XMC1/clock_xmc1_conf.o
                0x10002640                SystemCoreClockSetup
 .text.DAVE_Init
                0x10002660       0x44 ./Dave/Generated/DAVE.o
                0x10002660                DAVE_Init
 .text.main     0x100026a4       0x70 ./main.o
                0x100026a4                main
 .text.__libc_init_array
                0x10002714       0x4c c:/infineon/tools/dave ide/4.5.0.202105191637/eclipse/arm-gcc-49/bin/../lib/gcc/arm-none-eabi/4.9.3/../../../../arm-none-eabi/lib/armv6-m\libg_nano.a(lib_a-init.o)
                0x10002714                __libc_init_array
 *(.init)
 *(.fini)
 *crtbegin.o(.ctors)
 *crtbegin?.o(.ctors)
 *(EXCLUDE_FILE(*crtend.o *crtend?.o) .ctors)
 *(SORT(.ctors.*))
 *(.ctors)
 *crtbegin.o(.dtors)
 *crtbegin?.o(.dtors)
 *(EXCLUDE_FILE(*crtend.o *crtend?.o) .dtors)
 *(SORT(.dtors.*))
 *(.dtors)
 *(.rodata .rodata.*)
 .rodata.XMC_CCU8_SLICE_SetInterruptNode
                0x10002760       0x30 ./Libraries/XMCLib/src/xmc_ccu8.o
 .rodata.PWM_CCU8_0_timer_handle
                0x10002790       0x10 ./Dave/Generated/PWM_CCU8/pwm_ccu8_conf.o
                0x10002790                PWM_CCU8_0_timer_handle
 .rodata.PWM_CCU8_0_event0_config
                0x100027a0        0x4 ./Dave/Generated/PWM_CCU8/pwm_ccu8_conf.o
                0x100027a0                PWM_CCU8_0_event0_config
 .rodata.PWM_CCU8_0_event1_config
                0x100027a4        0x4 ./Dave/Generated/PWM_CCU8/pwm_ccu8_conf.o
                0x100027a4                PWM_CCU8_0_event1_config
 .rodata.PWM_CCU8_0_event2_config
                0x100027a8        0x4 ./Dave/Generated/PWM_CCU8/pwm_ccu8_conf.o
                0x100027a8                PWM_CCU8_0_event2_config
 .rodata.PWM_CCU8_0_dt_config
                0x100027ac        0xc ./Dave/Generated/PWM_CCU8/pwm_ccu8_conf.o
                0x100027ac                PWM_CCU8_0_dt_config
 .rodata.PWM_CCU8_0_ch1_out0_config
                0x100027b8        0x8 ./Dave/Generated/PWM_CCU8/pwm_ccu8_conf.o
                0x100027b8                PWM_CCU8_0_ch1_out0_config
 .rodata.PWM_CCU8_0_ch1_out1_config
                0x100027c0        0x8 ./Dave/Generated/PWM_CCU8/pwm_ccu8_conf.o
                0x100027c0                PWM_CCU8_0_ch1_out1_config
 .rodata.PWM_CCU8_0_config_handle
                0x100027c8       0x90 ./Dave/Generated/PWM_CCU8/pwm_ccu8_conf.o
                0x100027c8                PWM_CCU8_0_config_handle
 .rodata        0x10002858        0xc ./Dave/Generated/CLOCK_XMC1/clock_xmc1_conf.o
 *(.gnu.linkonce.r*)
 *(vtable)
                0x10002864                . = ALIGN (0x4)

.glue_7         0x10002864        0x0
 .glue_7        0x00000000        0x0 linker stubs

.glue_7t        0x10002864        0x0
 .glue_7t       0x00000000        0x0 linker stubs

.vfp11_veneer   0x10002864        0x0
 .vfp11_veneer  0x00000000        0x0 linker stubs

.v4_bx          0x10002864        0x0
 .v4_bx         0x00000000        0x0 linker stubs

.iplt           0x10002864        0x0
 .iplt          0x00000000        0x0 ./Startup/startup_XMC1300.o

.eh_frame_hdr
 *(.eh_frame_hdr)

.eh_frame
 *(.eh_frame)

.ARM.extab
 *(.ARM.extab* .gnu.linkonce.armextab.*)
                0x10002864                . = ALIGN (0x4)
                0x10002864                __exidx_start = .

.ARM.exidx
 *(.ARM.exidx* .gnu.linkonce.armexidx.*)
                0x10002864                __exidx_end = .
                0x10002864                . = ALIGN (0x4)

.VENEER_Code    0x2000000c      0x138 load address 0x10002864
                0x2000000c                . = ALIGN (0x4)
                0x2000000c                VeneerStart = .
 *(.XmcVeneerCode)
 .XmcVeneerCode
                0x2000000c      0x138 ./Startup/startup_XMC1300.o
                0x2000000c                HardFault_Veneer
                0x2000002c                SVC_Veneer
                0x20000038                PendSV_Veneer
                0x2000003c                SysTick_Veneer
                0x20000040                SCU_0_Veneer
                0x20000044                SCU_1_Veneer
                0x20000048                SCU_2_Veneer
                0x2000004c                SCU_3_Veneer
                0x20000050                SCU_4_Veneer
                0x20000054                SCU_5_Veneer
                0x20000058                SCU_6_Veneer
                0x2000005c                MATH_Veneer
                0x20000064                USIC0_0_Veneer
                0x20000068                USIC0_1_Veneer
                0x2000006c                USIC0_2_Veneer
                0x20000070                USIC0_3_Veneer
                0x20000074                USIC0_4_Veneer
                0x20000078                USIC0_5_Veneer
                0x2000007c                VADC0_C0_0_Veneer
                0x20000080                VADC0_C0_1_Veneer
                0x20000084                VADC0_G0_0_Veneer
                0x20000088                VADC0_G0_1_Veneer
                0x2000008c                VADC0_G1_0_Veneer
                0x20000090                VADC0_G1_1_Veneer
                0x20000094                CCU40_0_Veneer
                0x20000098                CCU40_1_Veneer
                0x2000009c                CCU40_2_Veneer
                0x200000a0                CCU40_3_Veneer
                0x200000a4                CCU80_0_Veneer
                0x200000a8                CCU80_1_Veneer
                0x200000ac                POSIF0_0_Veneer
                0x200000b0                POSIF0_1_Veneer
                0x200000bc                BCCU0_0_Veneer
                0x20000144                . = ALIGN (0x4)
                0x20000144                VeneerEnd = .
                0x10002864                eROData = LOADADDR (.VENEER_Code)
                0x00000138                VeneerSize = (ABSOLUTE (VeneerEnd) - ABSOLUTE (VeneerStart))

.rel.dyn        0x20000144        0x0 load address 0x1000299c
 .rel.iplt      0x00000000        0x0 ./Startup/startup_XMC1300.o

Stack           0x20000144      0x404 load address 0x00000000
                0x20000148                . = ALIGN (0x8)
 *fill*         0x20000144        0x4 
                0x20000548                . = (. + stack_size)
 *fill*         0x20000148      0x400 
                0x20000548                __initial_sp = .

.data           0x20000548       0x44 load address 0x1000299c
                0x20000548                . = ALIGN (0x4)
                0x20000548                __data_start = .
 *(.data)
 *(.data*)
 .data.PWM_CCU8_0
                0x20000548       0x34 ./Dave/Generated/PWM_CCU8/pwm_ccu8_conf.o
                0x20000548                PWM_CCU8_0
 .data.GLOBAL_CCU8_0
                0x2000057c       0x10 ./Dave/Generated/GLOBAL_CCU8/global_ccu8_conf.o
                0x2000057c                GLOBAL_CCU8_0
 *(*.data)
 *(.gnu.linkonce.d*)
                0x2000058c                . = ALIGN (0x4)
                0x2000058c                PROVIDE (__preinit_array_start, .)
 *(.preinit_array)
                0x2000058c                PROVIDE (__preinit_array_end, .)
                0x2000058c                . = ALIGN (0x4)
                0x2000058c                PROVIDE (__init_array_start, .)
 *(SORT(.init_array.*))
 *(.init_array)
                0x2000058c                PROVIDE (__init_array_end, .)
                0x2000058c                . = ALIGN (0x4)
                0x2000058c                PROVIDE (__fini_array_start, .)
 *(SORT(.fini_array.*))
 *(.fini_array)
                0x2000058c                PROVIDE (__fini_array_end, .)
                0x2000058c                . = ALIGN (0x4)
                0x2000058c                __data_end = .
                0x1000299c                DataLoadAddr = LOADADDR (.data)
                0x00000044                __data_size = (__data_end - __data_start)

.igot.plt       0x2000058c        0x0 load address 0x100029e0
 .igot.plt      0x00000000        0x0 ./Startup/startup_XMC1300.o

.ram_code       0x2000058c        0x0 load address 0x100029e0
                0x2000058c                . = ALIGN (0x4)
                0x2000058c                __ram_code_start = .
 *(.ram_code)
                0x2000058c                . = ALIGN (0x4)
                0x2000058c                __ram_code_end = .
                0x100029e0                __ram_code_load = LOADADDR (.ram_code)
                0x00000000                __ram_code_size = (__ram_code_end - __ram_code_start)
                0x000019e0                __text_size = ((((__exidx_end - sText) + VeneerSize) + __data_size) + __ram_code_size)
                0x100029e0                eText = (sText + __text_size)

.bss            0x2000058c        0xc load address 0x100029e0
                0x2000058c                . = ALIGN (0x4)
                0x2000058c                __bss_start = .
 *(.bss)
 *(.bss*)
 .bss.IDIV.5017
                0x2000058c        0x4 ./Startup/system_XMC1300.o
 .bss.FDIV.5018
                0x20000590        0x4 ./Startup/system_XMC1300.o
 .bss.CLOCK_XMC1_0
                0x20000594        0x4 ./Dave/Generated/CLOCK_XMC1/clock_xmc1_conf.o
                0x20000594                CLOCK_XMC1_0
 *(COMMON)
 *(.gnu.linkonce.b*)
                0x20000598                . = ALIGN (0x4)
                0x20000598                __bss_end = .
                0x20000598                . = ALIGN (0x8)
                0x20000598                Heap_Bank1_Start = .
                0x0000000c                __bss_size = (__bss_end - __bss_start)

.no_init        0x20003ffc        0x4 load address 0x00003eb8
                0x20003ffc                Heap_Bank1_End = .
 *(.no_init)
 .no_init       0x20003ffc        0x4 ./Startup/system_XMC1300.o
                0x20003ffc                SystemCoreClock
                0x00003a64                Heap_Bank1_Size = (Heap_Bank1_End - Heap_Bank1_Start)
                0x00000001                ASSERT ((Heap_Bank1_Start <= Heap_Bank1_End), region SRAM overflowed no_init section)

/DISCARD/
 *(.comment)

.stab
 *(.stab)

.stabstr
 *(.stabstr)

.debug
 *(.debug)

.line
 *(.line)

.debug_srcinfo
 *(.debug_srcinfo)

.debug_sfnames
 *(.debug_sfnames)

.debug_aranges  0x00000000      0x658
 *(.debug_aranges)
 .debug_aranges
                0x00000000       0x28 ./Startup/startup_XMC1300.o
 .debug_aranges
                0x00000028       0x38 ./Startup/system_XMC1300.o
 .debug_aranges
                0x00000060       0x28 ./Libraries/XMCLib/src/xmc1_gpio.o
 .debug_aranges
                0x00000088      0x128 ./Libraries/XMCLib/src/xmc1_scu.o
 .debug_aranges
                0x000001b0      0x180 ./Libraries/XMCLib/src/xmc_ccu8.o
 .debug_aranges
                0x00000330       0xf0 ./Libraries/XMCLib/src/xmc_math.o
 .debug_aranges
                0x00000420       0x28 ./Libraries/Newlib/syscalls.o
 .debug_aranges
                0x00000448      0x120 ./Dave/Generated/PWM_CCU8/pwm_ccu8.o
 .debug_aranges
                0x00000568       0x18 ./Dave/Generated/PWM_CCU8/pwm_ccu8_conf.o
 .debug_aranges
                0x00000580       0x30 ./Dave/Generated/GLOBAL_CCU8/global_ccu8.o
 .debug_aranges
                0x000005b0       0x18 ./Dave/Generated/GLOBAL_CCU8/global_ccu8_conf.o
 .debug_aranges
                0x000005c8       0x30 ./Dave/Generated/CLOCK_XMC1/clock_xmc1.o
 .debug_aranges
                0x000005f8       0x20 ./Dave/Generated/CLOCK_XMC1/clock_xmc1_conf.o
 .debug_aranges
                0x00000618       0x20 ./Dave/Generated/DAVE.o
 .debug_aranges
                0x00000638       0x20 ./main.o

.debug_pubnames
 *(.debug_pubnames)

.debug_pubtypes
 *(.debug_pubtypes)

.debug_info     0x00000000     0xac31
 *(.debug_info .gnu.linkonce.wi.*)
 .debug_info    0x00000000       0x88 ./Startup/startup_XMC1300.o
 .debug_info    0x00000088      0x444 ./Startup/system_XMC1300.o
 .debug_info    0x000004cc      0x4c9 ./Libraries/XMCLib/src/xmc1_gpio.o
 .debug_info    0x00000995      0xdcf ./Libraries/XMCLib/src/xmc1_scu.o
 .debug_info    0x00001764     0x1c83 ./Libraries/XMCLib/src/xmc_ccu8.o
 .debug_info    0x000033e7      0xd46 ./Libraries/XMCLib/src/xmc_math.o
 .debug_info    0x0000412d      0x11f ./Libraries/Newlib/syscalls.o
 .debug_info    0x0000424c     0x1ef6 ./Dave/Generated/PWM_CCU8/pwm_ccu8.o
 .debug_info    0x00006142     0x15a4 ./Dave/Generated/PWM_CCU8/pwm_ccu8_conf.o
 .debug_info    0x000076e6      0x409 ./Dave/Generated/GLOBAL_CCU8/global_ccu8.o
 .debug_info    0x00007aef      0x309 ./Dave/Generated/GLOBAL_CCU8/global_ccu8_conf.o
 .debug_info    0x00007df8      0x2d2 ./Dave/Generated/CLOCK_XMC1/clock_xmc1.o
 .debug_info    0x000080ca      0x29a ./Dave/Generated/CLOCK_XMC1/clock_xmc1_conf.o
 .debug_info    0x00008364     0x147e ./Dave/Generated/DAVE.o
 .debug_info    0x000097e2     0x144f ./main.o

.debug_abbrev   0x00000000     0x16c9
 *(.debug_abbrev)
 .debug_abbrev  0x00000000       0x12 ./Startup/startup_XMC1300.o
 .debug_abbrev  0x00000012      0x14b ./Startup/system_XMC1300.o
 .debug_abbrev  0x0000015d      0x108 ./Libraries/XMCLib/src/xmc1_gpio.o
 .debug_abbrev  0x00000265      0x253 ./Libraries/XMCLib/src/xmc1_scu.o
 .debug_abbrev  0x000004b8      0x243 ./Libraries/XMCLib/src/xmc_ccu8.o
 .debug_abbrev  0x000006fb      0x2a9 ./Libraries/XMCLib/src/xmc_math.o
 .debug_abbrev  0x000009a4       0xbd ./Libraries/Newlib/syscalls.o
 .debug_abbrev  0x00000a61      0x293 ./Dave/Generated/PWM_CCU8/pwm_ccu8.o
 .debug_abbrev  0x00000cf4      0x1a3 ./Dave/Generated/PWM_CCU8/pwm_ccu8_conf.o
 .debug_abbrev  0x00000e97      0x185 ./Dave/Generated/GLOBAL_CCU8/global_ccu8.o
 .debug_abbrev  0x0000101c      0x104 ./Dave/Generated/GLOBAL_CCU8/global_ccu8_conf.o
 .debug_abbrev  0x00001120      0x10b ./Dave/Generated/CLOCK_XMC1/clock_xmc1.o
 .debug_abbrev  0x0000122b      0x12b ./Dave/Generated/CLOCK_XMC1/clock_xmc1_conf.o
 .debug_abbrev  0x00001356      0x1b2 ./Dave/Generated/DAVE.o
 .debug_abbrev  0x00001508      0x1c1 ./main.o

.debug_line     0x00000000     0x3556
 *(.debug_line)
 .debug_line    0x00000000      0x102 ./Startup/startup_XMC1300.o
 .debug_line    0x00000102      0x251 ./Startup/system_XMC1300.o
 .debug_line    0x00000353      0x229 ./Libraries/XMCLib/src/xmc1_gpio.o
 .debug_line    0x0000057c      0x5a6 ./Libraries/XMCLib/src/xmc1_scu.o
 .debug_line    0x00000b22      0x6f8 ./Libraries/XMCLib/src/xmc_ccu8.o
 .debug_line    0x0000121a      0x578 ./Libraries/XMCLib/src/xmc_math.o
 .debug_line    0x00001792       0xd0 ./Libraries/Newlib/syscalls.o
 .debug_line    0x00001862      0x77a ./Dave/Generated/PWM_CCU8/pwm_ccu8.o
 .debug_line    0x00001fdc      0x33d ./Dave/Generated/PWM_CCU8/pwm_ccu8_conf.o
 .debug_line    0x00002319      0x342 ./Dave/Generated/GLOBAL_CCU8/global_ccu8.o
 .debug_line    0x0000265b      0x2a4 ./Dave/Generated/GLOBAL_CCU8/global_ccu8_conf.o
 .debug_line    0x000028ff      0x2c4 ./Dave/Generated/CLOCK_XMC1/clock_xmc1.o
 .debug_line    0x00002bc3      0x29b ./Dave/Generated/CLOCK_XMC1/clock_xmc1_conf.o
 .debug_line    0x00002e5e      0x369 ./Dave/Generated/DAVE.o
 .debug_line    0x000031c7      0x38f ./main.o

.debug_frame    0x00000000     0x1478
 *(.debug_frame)
 .debug_frame   0x00000000       0x80 ./Startup/system_XMC1300.o
 .debug_frame   0x00000080       0x58 ./Libraries/XMCLib/src/xmc1_gpio.o
 .debug_frame   0x000000d8      0x42c ./Libraries/XMCLib/src/xmc1_scu.o
 .debug_frame   0x00000504      0x5bc ./Libraries/XMCLib/src/xmc_ccu8.o
 .debug_frame   0x00000ac0      0x380 ./Libraries/XMCLib/src/xmc_math.o
 .debug_frame   0x00000e40       0x4c ./Libraries/Newlib/syscalls.o
 .debug_frame   0x00000e8c      0x448 ./Dave/Generated/PWM_CCU8/pwm_ccu8.o
 .debug_frame   0x000012d4       0x70 ./Dave/Generated/GLOBAL_CCU8/global_ccu8.o
 .debug_frame   0x00001344       0x70 ./Dave/Generated/CLOCK_XMC1/clock_xmc1.o
 .debug_frame   0x000013b4       0x34 ./Dave/Generated/CLOCK_XMC1/clock_xmc1_conf.o
 .debug_frame   0x000013e8       0x34 ./Dave/Generated/DAVE.o
 .debug_frame   0x0000141c       0x30 ./main.o
 .debug_frame   0x0000144c       0x2c c:/infineon/tools/dave ide/4.5.0.202105191637/eclipse/arm-gcc-49/bin/../lib/gcc/arm-none-eabi/4.9.3/../../../../arm-none-eabi/lib/armv6-m\libg_nano.a(lib_a-init.o)

.debug_str      0x00000000     0x4ae3
 *(.debug_str)
 .debug_str     0x00000000      0x33d ./Startup/system_XMC1300.o
                                0x383 (size before relaxing)
 .debug_str     0x0000033d      0x5d5 ./Libraries/XMCLib/src/xmc1_gpio.o
                                0x835 (size before relaxing)
 .debug_str     0x00000912      0x982 ./Libraries/XMCLib/src/xmc1_scu.o
                                0xcb4 (size before relaxing)
 .debug_str     0x00001294     0x1c3e ./Libraries/XMCLib/src/xmc_ccu8.o
                               0x2028 (size before relaxing)
 .debug_str     0x00002ed2      0x716 ./Libraries/XMCLib/src/xmc_math.o
                                0x99f (size before relaxing)
 .debug_str     0x000035e8       0x6f ./Libraries/Newlib/syscalls.o
                                0x202 (size before relaxing)
 .debug_str     0x00003657      0xe93 ./Dave/Generated/PWM_CCU8/pwm_ccu8.o
                               0x2610 (size before relaxing)
 .debug_str     0x000044ea      0x35b ./Dave/Generated/PWM_CCU8/pwm_ccu8_conf.o
                               0x22ec (size before relaxing)
 .debug_str     0x00004845       0x57 ./Dave/Generated/GLOBAL_CCU8/global_ccu8.o
                                0x543 (size before relaxing)
 .debug_str     0x0000489c       0x31 ./Dave/Generated/GLOBAL_CCU8/global_ccu8_conf.o
                                0x457 (size before relaxing)
 .debug_str     0x000048cd      0x144 ./Dave/Generated/CLOCK_XMC1/clock_xmc1.o
                                0x3da (size before relaxing)
 .debug_str     0x00004a11       0x50 ./Dave/Generated/CLOCK_XMC1/clock_xmc1_conf.o
                                0x453 (size before relaxing)
 .debug_str     0x00004a61       0x65 ./Dave/Generated/DAVE.o
                               0x1dca (size before relaxing)
 .debug_str     0x00004ac6       0x1d ./main.o
                               0x1d56 (size before relaxing)

.debug_loc      0x00000000     0x217c
 *(.debug_loc)
 .debug_loc     0x00000000       0xb0 ./Startup/system_XMC1300.o
 .debug_loc     0x000000b0       0x70 ./Libraries/XMCLib/src/xmc1_gpio.o
 .debug_loc     0x00000120      0x704 ./Libraries/XMCLib/src/xmc1_scu.o
 .debug_loc     0x00000824      0x9d8 ./Libraries/XMCLib/src/xmc_ccu8.o
 .debug_loc     0x000011fc      0x5ec ./Libraries/XMCLib/src/xmc_math.o
 .debug_loc     0x000017e8       0x64 ./Libraries/Newlib/syscalls.o
 .debug_loc     0x0000184c      0x738 ./Dave/Generated/PWM_CCU8/pwm_ccu8.o
 .debug_loc     0x00001f84       0xa8 ./Dave/Generated/GLOBAL_CCU8/global_ccu8.o
 .debug_loc     0x0000202c       0xa8 ./Dave/Generated/CLOCK_XMC1/clock_xmc1.o
 .debug_loc     0x000020d4       0x38 ./Dave/Generated/CLOCK_XMC1/clock_xmc1_conf.o
 .debug_loc     0x0000210c       0x38 ./Dave/Generated/DAVE.o
 .debug_loc     0x00002144       0x38 ./main.o

.debug_macinfo
 *(.debug_macinfo)

.debug_ranges   0x00000000      0x560
 *(.debug_ranges)
 .debug_ranges  0x00000000       0x20 ./Startup/startup_XMC1300.o
 .debug_ranges  0x00000020       0x28 ./Startup/system_XMC1300.o
 .debug_ranges  0x00000048       0x18 ./Libraries/XMCLib/src/xmc1_gpio.o
 .debug_ranges  0x00000060      0x118 ./Libraries/XMCLib/src/xmc1_scu.o
 .debug_ranges  0x00000178      0x170 ./Libraries/XMCLib/src/xmc_ccu8.o
 .debug_ranges  0x000002e8       0xe0 ./Libraries/XMCLib/src/xmc_math.o
 .debug_ranges  0x000003c8       0x18 ./Libraries/Newlib/syscalls.o
 .debug_ranges  0x000003e0      0x110 ./Dave/Generated/PWM_CCU8/pwm_ccu8.o
 .debug_ranges  0x000004f0       0x20 ./Dave/Generated/GLOBAL_CCU8/global_ccu8.o
 .debug_ranges  0x00000510       0x20 ./Dave/Generated/CLOCK_XMC1/clock_xmc1.o
 .debug_ranges  0x00000530       0x10 ./Dave/Generated/CLOCK_XMC1/clock_xmc1_conf.o
 .debug_ranges  0x00000540       0x10 ./Dave/Generated/DAVE.o
 .debug_ranges  0x00000550       0x10 ./main.o

.debug_weaknames
 *(.debug_weaknames)

.debug_funcnames
 *(.debug_funcnames)

.debug_typenames
 *(.debug_typenames)

.debug_varnames
 *(.debug_varnames)

.build_attributes
                0x00000000      0x2fb
 *(.ARM.attributes)
 .ARM.attributes
                0x00000000       0x21 ./Startup/startup_XMC1300.o
 .ARM.attributes
                0x00000021       0x31 ./Startup/system_XMC1300.o
 .ARM.attributes
                0x00000052       0x31 ./Libraries/XMCLib/src/xmc1_gpio.o
 .ARM.attributes
                0x00000083       0x31 ./Libraries/XMCLib/src/xmc1_scu.o
 .ARM.attributes
                0x000000b4       0x31 ./Libraries/XMCLib/src/xmc_ccu8.o
 .ARM.attributes
                0x000000e5       0x31 ./Libraries/XMCLib/src/xmc_math.o
 .ARM.attributes
                0x00000116       0x31 ./Libraries/Newlib/syscalls.o
 .ARM.attributes
                0x00000147       0x31 ./Dave/Generated/PWM_CCU8/pwm_ccu8.o
 .ARM.attributes
                0x00000178       0x31 ./Dave/Generated/PWM_CCU8/pwm_ccu8_conf.o
 .ARM.attributes
                0x000001a9       0x31 ./Dave/Generated/GLOBAL_CCU8/global_ccu8.o
 .ARM.attributes
                0x000001da       0x31 ./Dave/Generated/GLOBAL_CCU8/global_ccu8_conf.o
 .ARM.attributes
                0x0000020b       0x31 ./Dave/Generated/CLOCK_XMC1/clock_xmc1.o
 .ARM.attributes
                0x0000023c       0x31 ./Dave/Generated/CLOCK_XMC1/clock_xmc1_conf.o
 .ARM.attributes
                0x0000026d       0x31 ./Dave/Generated/DAVE.o
 .ARM.attributes
                0x0000029e       0x31 ./main.o
 .ARM.attributes
                0x000002cf       0x2c c:/infineon/tools/dave ide/4.5.0.202105191637/eclipse/arm-gcc-49/bin/../lib/gcc/arm-none-eabi/4.9.3/../../../../arm-none-eabi/lib/armv6-m\libg_nano.a(lib_a-init.o)
OUTPUT(PWM_example.elf elf32-littlearm)
